---
source: crates/lmml-tui/src/tabs/mod.rs
expression: render_app(&app)
---
"┌lmml────────────────────────────────────────────────────────────────────────────────────────────────────────┐"
"│ 1 Detect │ 2 Build │ 3 Models │ 4 Server │ 5 Settings                                                      │"
"└────────────────────────────────────────────────────────────────────────────────────────────────────────────┘"
"┌Server──────────────────────────────────────────┐┌Server Log────────────────────────────────────────────────┐"
"│Press s to start server.                        ││server listening                                          │"
"│Status: Failed { reason: "port 8080 is already i││                                                          │"
"│Model: llama.gguf                               ││                                                          │"
"│Binary: $HOME/.local/share/lmml/bin/llama││                                                          │"
"│Host: 127.0.0.1                                 ││                                                          │"
"│Port: 8080                                      ││                                                          │"
"│Context: 4096                                   ││                                                          │"
"│GPU layers: -1                                  ││                                                          │"
"│Batch: 512                                      ││                                                          │"
"│Threads: 8                                      ││                                                          │"
"│                                                ││                                                          │"
"│                                                ││                                                          │"
"│                                                ││                                                          │"
"│                                                ││                                                          │"
"│                                                ││                                                          │"
"│                                                ││                                                          │"
"│                                                ││                                                          │"
"│                                                ││                                                          │"
"│                                                ││                                                          │"
"│                                                ││                                                          │"
"│                                                ││                                                          │"
"│                                                ││                                                          │"
"│                                                ││                                                          │"
"│                                                ││                                                          │"
"│                                                ││                                                          │"
"│                                                ││                                                          │"
"│                                                ││                                                          │"
"│                                                ││                                                          │"
"└────────────────────────────────────────────────┘└──────────────────────────────────────────────────────────┘"
"lmml  Server: failed port 8080 is already in use  Ready  [?] Help  [q] Quit                                   "
