---
source: crates/lmml-tui/src/tabs/mod.rs
assertion_line: 371
expression: render_app(&app)
---
"┌lmml────────────────────────────────────────────────────────────────────────────────────────────────────────┐"
"│ 1 Detect │ 2 Build │ 3 Models │ 4 Server │ 5 Settings                                                      │"
"└────────────────────────────────────────────────────────────────────────────────────────────────────────────┘"
"┌Server──────────────────────────────────────────┐┌Server Log────────────────────────────────────────────────┐"
"│Press s to stop server.                         ││server listening                                          │"
"│Press p to switch runtime profile.              ││                                                          │"
"│Status: Ready { url: "http://127.0.0.1:8080" }  ││                                                          │"
"│Profile: custom/global                          ││                                                          │"
"│Model: llama.gguf                               ││                                                          │"
"│Binary: $HOME/.local/share/lmml/bin/llama││                                                          │"
"│Host: 127.0.0.1                                 ││                                                          │"
"│Port: 8080                                      ││                                                          │"
"│Context: 4096                                   ││                                                          │"
"│GPU layers: -1                                  ││                                                          │"
"│Batch: 512                                      ││                                                          │"
"│Threads: 8                                      ││                                                          │"
"│                                                ││                                                          │"
"│                                                ││                                                          │"
"│                                                ││                                                          │"
"│                                                ││                                                          │"
"│                                                ││                                                          │"
"│                                                ││                                                          │"
"│                                                ││                                                          │"
"│                                                ││                                                          │"
"│                                                ││                                                          │"
"│                                                ││                                                          │"
"│                                                ││                                                          │"
"│                                                ││                                                          │"
"│                                                ││                                                          │"
"│                                                ││                                                          │"
"│                                                ││                                                          │"
"│                                                ││                                                          │"
"└────────────────────────────────────────────────┘└──────────────────────────────────────────────────────────┘"
"lmml  Server: ready http://127.0.0.1:8080  Ready  [?] Help  [q] Quit                                          "
