---
source: crates/lmml-tui/src/tabs/mod.rs
expression: render_app(&app)
---
"┌lmml────────────────────────────────────────────────────────────────────────────────────────────────────────┐"
"│ 1 Detect │ 2 Build │ 3 Models │ 4 Server │ 5 Settings                                                      │"
"└────────────────────────────────────────────────────────────────────────────────────────────────────────────┘"
"┌Settings────────────────────────────────────────┐┌Compatibility─────────────────────────────────────────────┐"
"│Up/Down select. e edits. Space toggles. s saves.││Binary: $HOME/.local/share/lmml/llama.cpp/build/bin│"
"│State path: /home/an┌Help──────────────────────────────────────────────────────────────┐                    │"
"│                    │1-5        switch tabs                                            │                    │"
"│  build_runtime upst│Tab        next tab                                               │                    │"
"│  runtime       auto│Shift+Tab  previous tab                                           │                    │"
"│  host          127.│d          run detect                                             │lama-server build   │"
"│> port          8080│b          start build                                            │                    │"
"│  ctx_size      4096│B          clean build                                            │                    │"
"│  n_gpu_layers  -1  │u          check for update                                       │                    │"
"│  batch_size    512 │s          start server / save settings                           │                    │"
"│  ubatch_size   512 │e          edit selected setting                                  │                    │"
"│  threads       8  [│p          probe server flags                                     │                    │"
"│  flash_attn    true│Space      toggle selected setting                                │                    │"
"│  mlock         fals│m          quick-swap server model                                │                    │"
"│  api_key         [e│r          scan models                                            │                    │"
"│  jinja         fals│/          open HF search                                         │                    │"
"│  chat_template   [e│D          download selected HF result                            │                    │"
"│  extra_args      [e│a          add model alias                                        │                    │"
"│                    │?          close help                                             │                    │"
"│Error: port must be │q/Ctrl+C   quit                                                   │                    │"
"│                    │                                                                  │                    │"
"│                    │                                                                  │                    │"
"│                    │                                                                  │                    │"
"│                    │                                                                  │                    │"
"│                    └──────────────────────────────────────────────────────────────────┘                    │"
"│                                                ││                                                          │"
"│                                                ││                                                          │"
"│                                                ││                                                          │"
"└────────────────────────────────────────────────┘└──────────────────────────────────────────────────────────┘"
"lmml  Server: stopped  Ready  [?] Help  [q] Quit                                                              "
