---
source: crates/lmml-tui/src/tabs/mod.rs
expression: render_app(&app)
---
"┌lmml────────────────────────────────────────────────────────────────────────────────────────────────────────┐"
"│ 1 Detect │ 2 Build │ 3 Models │ 4 Server │ 5 Settings                                                      │"
"└────────────────────────────────────────────────────────────────────────────────────────────────────────────┘"
"┌Settings────────────────────────────────────────┐┌Compatibility─────────────────────────────────────────────┐"
"│Up/Down select. e edits. Space toggles. s saves.││Binary: $HOME/.local/share/lmml/llama.cpp/build/bin│"
"│State path: $HOME/.config/lmml/state.toml││Version: llama-server test                                │"
"│                                                ││Flags parsed: 2                                           │"
"│  host          127.0.0.1  [e]                  ││                                                          │"
"│> port          8080  [e]                       ││Unsupported settings:                                     │"
"│  ctx_size      4096  ┌First run─────────────────────────────────────────────────────┐ llama-server build   │"
"│  n_gpu_layers  -1  [e│                        Welcome to lmml                       │                      │"
"│  batch_size    512  [│                                                              │                      │"
"│  ubatch_size   512  [│                  Step 5 of 7: starter model.                 │                      │"
"│  threads       8  [e]│                                                              │                      │"
"│  flash_attn    true  │             Press / or d to search Hugging Face.             │                      │"
"│  mlock         false │                     Press Enter to skip.                     │                      │"
"│  api_key         [e] │                                                              │                      │"
"│  jinja         false │                                                              │                      │"
"│  chat_template   [e] │                                                              │                      │"
"│  extra_args      [e] │                                                              │                      │"
"│                      │                                                              │                      │"
"│Error: port must be be│                                                              │                      │"
"│                      │                                                              │                      │"
"│                      │                                                              │                      │"
"│                      └──────────────────────────────────────────────────────────────┘                      │"
"│                                                ││                                                          │"
"│                                                ││                                                          │"
"│                                                ││                                                          │"
"│                                                ││                                                          │"
"│                                                ││                                                          │"
"│                                                ││                                                          │"
"│                                                ││                                                          │"
"└────────────────────────────────────────────────┘└──────────────────────────────────────────────────────────┘"
"lmml  Server: stopped  Ready  [?] Help  [q] Quit                                                              "
