---
source: crates/lmml-tui/src/tabs/mod.rs
assertion_line: 359
expression: render_app(&app)
---
"┌lmml────────────────────────────────────────────────────────────────────────────────────────────────────────┐"
"│ 1 Detect │ 2 Build │ 3 Models │ 4 Server │ 5 Settings                                                      │"
"└────────────────────────────────────────────────────────────────────────────────────────────────────────────┘"
"┌Server──────────────────────────────────────────┐┌Server Log────────────────────────────────────────────────┐"
"│Press s to start server.                        ││Server log will appear here.                              │"
"│Press p to switch runtime profile.              ││                                                          │"
"│Status: Stopped                                 ││                                                          │"
"│Profile: custom/global                          ││                                                          │"
"│Model: No model selected                        ││                                                          │"
"│Binary: $HOME/.local/share/lmml/llama.cpp││                                                          │"
"│Host: 127.0.0.1                                 ││                                                          │"
"│Port: 8080                                      ││                                                          │"
"│Context: 4096                                   ││                                                          │"
"│GPU layers: -1                                  ││                                                          │"
"│Batch: 512                                      ││                                                          │"
"│Threads: 8                                      ││                                                          │"
"│                                                ││                                                          │"
"│                                                ││                                                          │"
"│                                                ││                                                          │"
"│                                                ││                                                          │"
"│                                                ││                                                          │"
"│                                                ││                                                          │"
"│                                                ││                                                          │"
"│                                                ││                                                          │"
"│                                                ││                                                          │"
"│                                                ││                                                          │"
"│                                                ││                                                          │"
"│                                                ││                                                          │"
"│                                                ││                                                          │"
"│                                                ││                                                          │"
"│                                                ││                                                          │"
"│                                                ││                                                          │"
"└────────────────────────────────────────────────┘└──────────────────────────────────────────────────────────┘"
"lmml  Server: stopped  Ready  [?] Help  [q] Quit                                                              "
