---
source: crates/lmml-tui/src/tabs/mod.rs
expression: render_app(&app)
---
"┌lmml────────────────────────────────────────────────────────────────────────────────────────────────────────┐"
"│ 1 Detect │ 2 Build │ 3 Models │ 4 Server │ 5 Settings                                                      │"
"└────────────────────────────────────────────────────────────────────────────────────────────────────────────┘"
"┌Models──────────────────────────────────────────┐┌Model Details─────────────────────────────────────────────┐"
"│Press r to scan local models.                   ││Last model:                                               │"
"│Press / to search Hugging Face. Press D to downl││                                                          │"
"│Press a to add a model alias. Press x to delete ││                                                          │"
"│Models dir: $HOME/.local/share/lmml/model││                                                          │"
"│                                                ││                                                          │"
"│No models found.                                ││                                                          │"
"│                                                ││                                                          │"
"│                                                ││                                                          │"
"│                                                ││                                                          │"
"│                                                ││                                                          │"
"│                                                ││                                                          │"
"│                                                ││                                                          │"
"│                                                ││                                                          │"
"│                                                ││                                                          │"
"│                                                ││                                                          │"
"│                                                ││                                                          │"
"│                                                ││                                                          │"
"│                                                ││                                                          │"
"│                                                ││                                                          │"
"│                                                ││                                                          │"
"│                                                ││                                                          │"
"│                                                ││                                                          │"
"│                                                ││                                                          │"
"│                                                ││                                                          │"
"│                                                ││                                                          │"
"│                                                ││                                                          │"
"│                                                ││                                                          │"
"│                                                ││                                                          │"
"└────────────────────────────────────────────────┘└──────────────────────────────────────────────────────────┘"
"lmml  Server: stopped  Ready  [?] Help  [q] Quit                                                              "
