---
source: crates/lmml-tui/src/tabs/mod.rs
expression: render_app(&app)
---
"┌lmml────────────────────────────────────────────────────────────────────────────────────────────────────────┐"
"│ 1 Detect │ 2 Build │ 3 Models │ 4 Server │ 5 Settings                                                      │"
"└────────────────────────────────────────────────────────────────────────────────────────────────────────────┘"
"┌Settings────────────────────────────────────────┐┌Compatibility─────────────────────────────────────────────┐"
"│Up/Down select. e edits. Space toggles. s saves.││Binary: $HOME/.local/share/lmml/llama.cpp/build/bin│"
"│State path: $HOME/.config/lmml/state.toml││Version: llama-server test                                │"
"│                                                ││Flags parsed: 2                                           │"
"│  host          127.0.0.1  [e]                  ││                                                          │"
"│> port          8080  [e]                       ││Unsupported settings:                                     │"
"│  ctx_size      4096  [e]                       ││! --flash-attn not available in this llama-server build   │"
"│  n_gpu_layers  -1  [e]                         ││                                                          │"
"│  batch_size    512  [e]                        ││                                                          │"
"│  ubatch_size   512  [e]                        ││                                                          │"
"│  threads       8  [e]                          ││                                                          │"
"│  flash_attn    true  [Space]                   ││                                                          │"
"│  mlock         false  [Space]                  ││                                                          │"
"│  api_key         [e]                           ││                                                          │"
"│  jinja         false  [Space]                  ││                                                          │"
"│  chat_template   [e]                           ││                                                          │"
"│  extra_args      [e]                           ││                                                          │"
"│                                                ││                                                          │"
"│Error: port must be between 1 and 65535         ││                                                          │"
"│                                                ││                                                          │"
"│                                                ││                                                          │"
"│                                                ││                                                          │"
"│                                                ││                                                          │"
"│                                                ││                                                          │"
"│                                                ││                                                          │"
"│                                                ││                                                          │"
"│                                                ││                                                          │"
"│                                                ││                                                          │"
"│                                                ││                                                          │"
"└────────────────────────────────────────────────┘└──────────────────────────────────────────────────────────┘"
"lmml  Server: stopped  Ready  [?] Help  [q] Quit                                                              "
